Checking for deprecated package usage... OK
Checking for remote package usage... OK
Checking for 'LazyData: true' usage... OK
Checking version number... OK
Checking version number validity... OK
Checking R version dependency... OK
Checking package size... OK
Checking individual file sizes... OK
Checking biocViews... OK
Checking that biocViews are present... OK
Checking build system compatibility... OK
Checking for proper Description: field... OK
Checking if DESCRIPTION is well formatted... OK
Checking for whitespace in DESCRIPTION field names... OK
Checking that Package field matches directory/tarball name... OK
Checking for Version: field... OK
Checking for valid maintainer... OK
Checking License: for restrictive use... OK
Checking for recommended DESCRIPTION fields... OK
Checking for Bioconductor software dependencies... OK
Checking for pinned package versions in DESCRIPTION... OK
Checking for 'fnd' role in Authors@R...
No 'fnd' role found in Authors@R. If the work is supported
        by a grant, consider adding the 'fnd' role to the list of authors.
Checking NAMESPACE... OK
Checking .Rbuildignore... OK
Checking for stray BiocCheck output folders... OK
Checking for inst/doc folders... OK
Checking vignette directory... OK
Checking package installation calls in R code... OK
Checking for library/require of MiCARA... OK
Checking coding practice... OK
Checking parsed R code in R directory, examples, vignettes...
Avoid 'suppressWarnings'/'*Messages' if possible (found 3 times)
suppressWarnings() in R/impute_metadata.R (line 242, column 5)
suppressWarnings() in R/validate_inputs.R (line 139, column 30)
suppressWarnings() in R/validate_inputs.R (line 584, column 36)
Checking function lengths...
The recommended function length is 50 lines or less. There are 11 functions greater than 50 lines.
The longest 5 functions are:
validate_inputs() (R/validate_inputs.R): 683 lines
run_diff_abundance() (R/run_diff_abundance.R): 437 lines
.run_single() (R/run_diff_abundance.R): 309 lines
compute_residualCLR_correlations() (R/compute_residualCLR_correlations.R): 292 lines
.process_one_disease() (R/compute_residualCLR_correlations.R): 265 lines
Checking man page documentation... OK
Checking package NEWS... OK
Checking unit tests... OK
Checking skip_on_bioc() in tests... OK
Checking formatting of DESCRIPTION, NAMESPACE, man pages, R source, and vignette source...
Consider shorter lines; 258 lines (7%) are > 80 characters long.
First few lines:
R/compute_residualCLR_correlations.R#L1 #' Compute confounder-adjusted Residual  ...
R/compute_residualCLR_correlations.R#L166         stop("'min_samples_per_disease'  ...
R/compute_residualCLR_correlations.R#L210     if (anyNA(metadata$sample_id) || any ...
R/compute_residualCLR_correlations.R#L211         stop("'metadata$sample_id' conta ...
R/compute_residualCLR_correlations.R#L214         stop("'metadata$sample_id' must  ...
R/compute_residualCLR_correlations.R#L216     if (anyNA(metadata$disease) || any(t ...
R/compute_residualCLR_correlations.R#L217         stop("'metadata$disease' contain ...
R/compute_residualCLR_correlations.R#L231         # Dynamic fallback: grab non-ID/ ...
R/compute_residualCLR_correlations.R#L238             message("[Info] Auto-selecte ...
R/compute_residualCLR_correlations.R#L247         stop("Covariate(s) not found in  ...
R/compute_residualCLR_correlations.R#L256                 "Missing values (NA) in  ...
R/compute_residualCLR_correlations.R#L307                 "The following requested ...
R/compute_residualCLR_correlations.R#L368                 reason               = i ...
R/compute_residualCLR_correlations.R#L377                 covariates_used      = p ...
R/compute_residualCLR_correlations.R#L378                 covariates_dropped   = p ...
R/compute_residualCLR_correlations.R#L426         stop("'", name, "' must be a sin ...
R/compute_residualCLR_correlations.R#L433         stop("'", name, "' must be a sin ...
R/compute_residualCLR_correlations.R#L446                 "Supply either a combine ...
R/compute_residualCLR_correlations.R#L457                 stop("Taxa differential- ...
R/compute_residualCLR_correlations.R#L462                 stop("Pathway differenti ...
R/compute_residualCLR_correlations.R#L466             stop("'diffab_obj$feature_ty ...
R/compute_residualCLR_correlations.R#L470             "'diffab_obj' must be a 'mic ...
R/compute_residualCLR_correlations.R#L484             "A valid 'micara_diffab' obj ...
R/compute_residualCLR_correlations.R#L534                 "Named pseudocount value ...
R/compute_residualCLR_correlations.R#L560         stop("The ", label, " matrix mus ...
R/compute_residualCLR_correlations.R#L563         stop("The ", label, " matrix mus ...
R/compute_residualCLR_correlations.R#L566         stop("The ", label, " matrix con ...
R/compute_residualCLR_correlations.R#L569         stop("The ", label, " matrix con ...
R/compute_residualCLR_correlations.R#L572         stop("The ", label, " matrix con ...
R/compute_residualCLR_correlations.R#L575         stop("The ", label, " matrix con ...
R/compute_residualCLR_correlations.R#L599             "Removing ", length(all_zero ...
R/compute_residualCLR_correlations.R#L600             " matrix: ", paste(utils::he ...
R/compute_residualCLR_correlations.R#L609             "The ", label, " matrix cont ...
R/compute_residualCLR_correlations.R#L618             stop("The ", label, " matrix ...
R/compute_residualCLR_correlations.R#L625         stop("The ", label, " pseudocoun ...
R/compute_residualCLR_correlations.R#L658                 reason = paste0("missing ...
R/compute_residualCLR_correlations.R#L710                 "only ", residual_df, "  ...
R/compute_residualCLR_correlations.R#L878             " significant taxon/taxa wer ...
R/compute_residualCLR_correlations.R#L885             " significant pathway(s) wer ...
R/compute_residualCLR_correlations.R#L891     significant_pathways <- intersect(si ...
R/compute_residualCLR_correlations.R#L895             reason = "no usable signific ...
R/compute_residualCLR_correlations.R#L911                 "only ", length(common_s ...
R/compute_residualCLR_correlations.R#L953             message("[MiCARA] ", disease ...
R/data.R#L3 #' A simulated count matrix representing ...
R/data.R#L11 #' A simulated count matrix representing ...
R/data.R#L19 #' A simulated metadata data frame conta ...
R/impute_metadata.R#L3 #' Imputes missing values in host confou ...
R/impute_metadata.R#L4 #' that were retained by \code{\link{val ...
R/impute_metadata.R#L5 #' cutoff). Experimental design indicato ...
R/impute_metadata.R#L6 #' and sequencing depth (\code{number_re ...
R/impute_metadata.R#L7 #' as auxiliary predictors to inform imp ...
R/impute_metadata.R#L8 #' as an auxiliary predictor when comple ...
R/impute_metadata.R#L12 #' Imputed continuous \code{age} is gene ...
R/impute_metadata.R#L13 #' for differential abundance modeling ( ...
R/impute_metadata.R#L15 #' distinct non-linear biological thresh ...
R/impute_metadata.R#L30 #'   based on column type (\code{"pmm"}  ...
R/impute_metadata.R#L34 #'   for the returned \code{metadata} (d ...
R/impute_metadata.R#L35 #'   is retained in \code{micara_obj$mic ...
R/impute_metadata.R#L36 #' @param verbose Logical; print progres ...
R/impute_metadata.R#L39 #'   the input object with updated \code ...
R/impute_metadata.R#L96   method = NULL, # (allowing default alg ...
R/impute_metadata.R#L126         impute_vars <- impute_vars[vappl ...
R/impute_metadata.R#L130             stop("impute_vars not found  ...
R/impute_metadata.R#L134                 "'age_category' should n ...
R/impute_metadata.R#L135                 "expected to be complete ...
R/impute_metadata.R#L136                 "instead. Pass it via 'a ...
R/impute_metadata.R#L144                 "[Info] No eligible host ...
R/impute_metadata.R#L167         stop("'disease' contains missing ...
R/impute_metadata.R#L170     if ("study_name" %in% auxiliary_pred ...
R/impute_metadata.R#L172             "'study_name' contains missi ...
R/impute_metadata.R#L185     if ("age_category" %in% auxiliary_pr ...
R/impute_metadata.R#L188                 "'age_category' contains ...
R/impute_metadata.R#L190                 "target itself). Imputat ...
R/impute_metadata.R#L192                 paste(setdiff(auxiliary_ ...
R/impute_metadata.R#L202     n_missing <- sum(vapply(metadata[imp ...
R/impute_metadata.R#L207                 "No missing values detec ...
R/impute_metadata.R#L223         stop("Package 'mice' is required ...
R/impute_metadata.R#L239         message("\n[MiCARA] Running MICE ...
R/impute_metadata.R#L280         n_logged <- if (!is.null(mice_fi ...
R/impute_metadata.R#L285             sprintf("  • %-12s : %d / %d ...
R/impute_metadata.R#L288         logged_text <- if (n_logged > 0) ...
R/impute_metadata.R#L295             paste0("Auxiliary predictors ...
R/impute_metadata.R#L300             "  Imputed continuous 'age'  ...
R/impute_metadata.R#L302             "  Use 'age_category' instea ...
R/impute_metadata.R#L303             "    (e.g., pediatric vs. ad ...
R/plot_interaction_sankey.R#L24 #'   "grey70", stable = "gray70")} — "up ...
R/plot_interaction_sankey.R#L39 #'   objects (\code{$positive} and \code ...
R/plot_interaction_sankey.R#L95   node_colors = c(up = "#2196F3", down = ...
R/plot_interaction_sankey.R#L103         stop("'interactions' must be the ...
R/plot_interaction_sankey.R#L106     if (!is.character(disease) || length ...
R/plot_interaction_sankey.R#L107         stop("'disease' must be a single ...
R/plot_interaction_sankey.R#L130         stop("Package 'networkD3' is req ...
R/plot_interaction_sankey.R#L137         stop(disease, " has no links pas ...
R/plot_interaction_sankey.R#L145             warning(disease, " has no ", ...
R/plot_interaction_sankey.R#L151             if (!is.numeric(top_n_per_pa ...
R/plot_interaction_sankey.R#L152                 stop("'top_n_per_pathway ...
R/plot_interaction_sankey.R#L180             group = ifelse(node_names %i ...
R/plot_interaction_sankey.R#L214                 stop("Package 'htmlwidge ...
R/plot_interaction_sankey.R#L217             base_path <- sub("\\.(html|p ...
R/plot_interaction_sankey.R#L218             out_prefix <- if (file_suffi ...
R/plot_interaction_sankey.R#L229                 webshot::webshot(html_pa ...
R/plot_interaction_sankey.R#L232                     "Neither 'webshot2'  ...
R/plot_interaction_sankey.R#L245         return(build_single_sankey(all_l ...
R/plot_interaction_sankey.R#L247         return(build_single_sankey(all_l ...
R/plot_interaction_sankey.R#L249         pos_widget <- build_single_sanke ...
R/plot_interaction_sankey.R#L250         neg_widget <- build_single_sanke ...
R/preprocess.R#L3 #' @param taxa_matrix Numeric matrix of  ...
R/preprocess.R#L23     clean_mat <- taxa_matrix[grepl(prefi ...
R/preprocess.R#L24     rownames(clean_mat) <- chartr("_", " ...
R/preprocess.R#L31 #' @return Cleaned pathway matrix contai ...
R/preprocess.R#L46         !grepl("UNINTEGRATED|UNMAPPED",  ...
R/run_diff_abundance.R#L5 #' Automatically integrates retained hos ...
R/run_diff_abundance.R#L15 #' Fixed effects automatically incorpora ...
R/run_diff_abundance.R#L16 #' BMI) alongside \code{disease}. Variab ...
R/run_diff_abundance.R#L18 #' accounts for cohort-level batch varia ...
R/run_diff_abundance.R#L22 #' By default (\code{use_robust = TRUE}) ...
R/run_diff_abundance.R#L23 #' flags (\code{diff_robust_disease...}) ...
R/run_diff_abundance.R#L26 #' @param micara_obj An object of class  ...
R/run_diff_abundance.R#L27 #'   as returned by \code{\link{validate ...
R/run_diff_abundance.R#L29 #'   \code{"taxa"}, \code{"pathways"}, o ...
R/run_diff_abundance.R#L31 #' @param fix_effects Character vector o ...
R/run_diff_abundance.R#L32 #'   covariates. If \code{NULL} (default ...
R/run_diff_abundance.R#L33 #'   \code{micara_obj$confounders} (excl ...
R/run_diff_abundance.R#L34 #' @param exclude_covariates Character v ...
R/run_diff_abundance.R#L36 #' @param rand_effect Character string n ...
R/run_diff_abundance.R#L37 #'   (default \code{"study_name"}). Auto ...
R/run_diff_abundance.R#L39 #' @param reference_level Character stri ...
R/run_diff_abundance.R#L44 #' @param prv_cut Minimum prevalence thr ...
R/run_diff_abundance.R#L47 #' @param pairwise Logical; whether to p ...
R/run_diff_abundance.R#L50 #' @param neg_lb Logical; whether to app ...
R/run_diff_abundance.R#L52 #' @param pseudo_sens Logical; whether t ...
R/run_diff_abundance.R#L53 #'   (default TRUE). Automatically set t ...
R/run_diff_abundance.R#L55 #'   (\code{diff_robust_disease}) rather ...
R/run_diff_abundance.R#L57 #' @param n_cores Integer specifying the ...
R/run_diff_abundance.R#L59 #' @param verbose Logical; print progres ...
R/run_diff_abundance.R#L62 #'   \code{"micara_diffab"}. If multiple ...
R/run_diff_abundance.R#L103 #' # Run differential abundance analysis ...
R/run_diff_abundance.R#L131     disease_col <- if (!is.null(attr(mic ...
R/run_diff_abundance.R#L136         common_controls <- c("control",  ...
R/run_diff_abundance.R#L142                 message(sprintf("[Info]  ...
R/run_diff_abundance.R#L146                 "Could not auto-detect b ...
R/run_diff_abundance.R#L155             "reference_level '%s' not fo ...
R/run_diff_abundance.R#L156             reference_level, disease_col ...
R/run_diff_abundance.R#L164     # Class & Package Checks: Confirms m ...
R/run_diff_abundance.R#L168             "'micara_obj' must be an obj ...
R/run_diff_abundance.R#L174         stop("Package 'ANCOMBC' is requi ...
R/run_diff_abundance.R#L177         stop("Package 'phyloseq' is requ ...
R/run_diff_abundance.R#L197     ## Filter to features actually prese ...
R/run_diff_abundance.R#L200         !is.null(micara_obj[[ft]]) && nc ...
R/run_diff_abundance.R#L205             "None of the requested featu ...
R/run_diff_abundance.R#L213             "[Notice] Skipping requested ...
R/run_diff_abundance.R#L222         message("[Info] Setting '", refe ...
R/run_diff_abundance.R#L232                 "ANCOM-BC2 log-linear mo ...
R/run_diff_abundance.R#L233                 "' matrix is currently i ...
R/run_diff_abundance.R#L254         # sanitizes and cleans disease c ...
R/run_diff_abundance.R#L260                 message("[Notice] Non-st ...
R/run_diff_abundance.R#L263             # Also update the user's ref ...
R/run_diff_abundance.R#L272                 "reference_level '", ref ...
R/run_diff_abundance.R#L273                 "Available levels in you ...
R/run_diff_abundance.R#L274                 "Please specify 'referen ...
R/run_diff_abundance.R#L279             message("[Info] Re-leveling  ...
R/run_diff_abundance.R#L282         metadata$disease <- stats::relev ...
R/run_diff_abundance.R#L287             cur_fix_effects <- setdiff(m ...
R/run_diff_abundance.R#L290             if ("age" %in% cur_fix_effec ...
R/run_diff_abundance.R#L293                     message("[Info] Both ...
R/run_diff_abundance.R#L303         ## Validate presence and varianc ...
R/run_diff_abundance.R#L307                 warning("Covariate '", c ...
R/run_diff_abundance.R#L314                     "Covariate '", cov,  ...
R/run_diff_abundance.R#L315                     "impute_metadata() f ...
R/run_diff_abundance.R#L320                 warning("Covariate '", c ...
R/run_diff_abundance.R#L330         # if your dataset only contains  ...
R/run_diff_abundance.R#L335                     message("[Info] Rand ...
R/run_diff_abundance.R#L338                 n_studies <- length(uniq ...
R/run_diff_abundance.R#L343                             " unique lev ...
R/run_diff_abundance.R#L356                 message("[Info] Setting  ...
R/run_diff_abundance.R#L382                 "Internal alignment mism ...
R/run_diff_abundance.R#L383                 "metadata sample IDs. Wa ...
R/run_diff_abundance.R#L389         # executes ANCOMBC::ancombc2() w ...
R/run_diff_abundance.R#L392             rand_form_str <- if (is.null ...
R/run_diff_abundance.R#L406         # Determine current feature type ...
R/run_diff_abundance.R#L429                 if (grepl("The number of ...
R/run_diff_abundance.R#L430                     # Replace "taxa" wit ...
R/run_diff_abundance.R#L431                     custom_msg <- gsub(" ...
R/run_diff_abundance.R#L433                     invokeRestart("muffl ...
R/run_diff_abundance.R#L445             warning("Robust flags ('", f ...
R/run_diff_abundance.R#L447             diff_cols <- grep(paste0("^" ...
R/run_diff_abundance.R#L477                 direction = ifelse(res[[ ...
R/run_diff_abundance.R#L501             header <- paste0("Significan ...
R/run_diff_abundance.R#L505                 body <- paste(paste0("   ...
R/run_diff_abundance.R#L535     ## 3. Execute Across Feature Types ( ...
R/run_diff_abundance.R#L547 } # If you analyzed one feature type, it ...
R/validate_inputs.R#L16 #' @param normalise Logical indicating w ...
R/validate_inputs.R#L77                 "'%s' must be a matrix,  ...
R/validate_inputs.R#L109     ## Universal Metadata Cleaning (Conv ...
R/validate_inputs.R#L203                     "' must contain a fe ...
R/validate_inputs.R#L222                     "Expected a feature- ...
R/validate_inputs.R#L481         if (verbose) warning(sprintf("Re ...
R/validate_inputs.R#L487         if (verbose) warning(sprintf("Re ...
R/validate_inputs.R#L509         metadata <- metadata[match(colna ...
R/validate_inputs.R#L579     ## Clean continuous covariates (conv ...
R/validate_inputs.R#L583             vals[vals %in% c("NA", "N/A" ...
R/validate_inputs.R#L600         # Proportion: bounded by 1.0 (ho ...
R/validate_inputs.R#L605         # Percentage: values <= 100 with ...
R/validate_inputs.R#L615         stop("Unable to determine abunda ...
R/validate_inputs.R#L633             warning("Cannot reconstruct  ...
R/validate_inputs.R#L642             warning("Scale '", scale, "' ...
R/validate_inputs.R#L645         # Reconstruct counts: proportion ...
R/validate_inputs.R#L649             "\n[CAVEAT] Back-calculated  ...
R/validate_inputs.R#L650             "by metadata$number_reads. N ...
R/validate_inputs.R#L661     has_reads <- "number_reads" %in% nam ...
R/validate_inputs.R#L667                     "[", name, "] Input  ...
R/validate_inputs.R#L668                     "Back-calculating es ...
R/validate_inputs.R#L674                     "[", name, "] Input  ...
R/validate_inputs.R#L675                     "ANCOM-BC2 strictly  ...
R/validate_inputs.R#L691         removed_dis_str <- if (length(re ...
R/validate_inputs.R#L692         retained_cov_str <- if (length(r ...
R/validate_inputs.R#L694             paste0(paste(removed_covaria ...
man/compute_residualCLR_correlations.Rd#L5 \title{Compute confounder-adjusted Resid ...
man/example_pathways.Rd#L17 A simulated count matrix representing fu ...
man/example_taxa.Rd#L17 A simulated count matrix representing ba ...
man/impute_metadata.Rd#L42 is retained in \code{micara_obj$mice_fit ...
man/impute_metadata.Rd#L44 \item{verbose}{Logical; print progress a ...
man/impute_metadata.Rd#L54 Imputes missing values in host confounde ...
man/impute_metadata.Rd#L56 cutoff). Experimental design indicators  ...
man/impute_metadata.Rd#L58 as auxiliary predictors to inform imputa ...
man/impute_metadata.Rd#L59 as an auxiliary predictor when complete  ...
man/impute_metadata.Rd#L63 Imputed continuous \code{age} is general ...
man/impute_metadata.Rd#L64 for differential abundance modeling (e.g ...
man/plot_interaction_sankey.Rd#L12   node_colors = c(up = "#2196F3", down = ...
man/prep_metaphlan_taxa.Rd#L10 \item{taxa_matrix}{Numeric matrix of tax ...
man/run_diff_abundance.Rd#L27 \item{micara_obj}{An object of class \co ...
man/run_diff_abundance.Rd#L34 \item{fix_effects}{Character vector of m ...
man/run_diff_abundance.Rd#L36 \code{micara_obj$confounders} (excluding ...
man/run_diff_abundance.Rd#L38 \item{exclude_covariates}{Character vect ...
man/run_diff_abundance.Rd#L41 \item{rand_effect}{Character string nami ...
man/run_diff_abundance.Rd#L45 \item{reference_level}{Character string  ...
man/run_diff_abundance.Rd#L57 \item{pairwise}{Logical; whether to perf ...
man/run_diff_abundance.Rd#L62 \item{neg_lb}{Logical; whether to apply  ...
man/run_diff_abundance.Rd#L72 \item{n_cores}{Integer specifying the nu ...
man/run_diff_abundance.Rd#L75 \item{verbose}{Logical; print progress a ...
man/run_diff_abundance.Rd#L85 Automatically integrates retained host c ...
man/run_diff_abundance.Rd#L95 Fixed effects automatically incorporate  ...
man/run_diff_abundance.Rd#L96 BMI) alongside \code{disease}. Variables ...
man/run_diff_abundance.Rd#L98 accounts for cohort-level batch variatio ...
man/run_diff_abundance.Rd#L102 By default (\code{use_robust = TRUE}), s ...
man/validate_inputs.Rd#L35 \item{normalise}{Logical indicating whet ...
vignettes/Getting-started.Rmd#L23 MiCARA is designed to be flexible depend ...
vignettes/Getting-started.Rmd#L27 `validate_inputs()` ensures sample ID al ...
vignettes/Getting-started.Rmd#L46 Covariate missingness can lead to sample ...
vignettes/Getting-started.Rmd#L48 Host covariates (e.g., age_category, BMI ...
vignettes/Getting-started.Rmd#L56 Note: If you skip imputation, downstream ...
vignettes/Getting-started.Rmd#L65 `run_diff_abundance()` runs bias-correct ...
vignettes/Getting-started.Rmd#L84 After identifying robust differentially  ...
vignettes/Getting-started.Rmd#L87 3. Residualizes feature abundances again ...
vignettes/Getting-started.Rmd#L88 4. Computes pairwise Spearman correlatio ...
vignettes/Getting-started.Rmd#L113 analyzed_cohorts <- names(interactions)[ ...
vignettes/Getting-started.Rmd#L123 Use `plot_interaction_sankey()` to displ ...
vignettes/Getting-started.Rmd#L129     disease           = names(interactio ...
Consider multiples of 4 spaces for line indents; 130 lines (3%) are not.
First few lines:
R/compute_residualCLR_correlations.R#L124   micara_obj, ...
R/compute_residualCLR_correlations.R#L125   diffab_obj = NULL, ...
R/compute_residualCLR_correlations.R#L126   taxa_diffab = NULL, ...
R/compute_residualCLR_correlations.R#L127   pathway_diffab = NULL, ...
R/compute_residualCLR_correlations.R#L128   diseases = NULL, ...
R/compute_residualCLR_correlations.R#L129   covariates = NULL, ...
R/compute_residualCLR_correlations.R#L130   q_cutoff = 0.05, ...
R/compute_residualCLR_correlations.R#L131   r_cutoff = 0.2, ...
R/compute_residualCLR_correlations.R#L132   pseudocount = NULL, ...
R/compute_residualCLR_correlations.R#L133   min_samples_per_disease = 10L, ...
R/compute_residualCLR_correlations.R#L134   min_residual_df = 3L, ...
R/compute_residualCLR_correlations.R#L135   retain_all_pairs = TRUE, ...
R/compute_residualCLR_correlations.R#L136   verbose = TRUE ...
R/compute_residualCLR_correlations.R#L643   metadata, ...
R/compute_residualCLR_correlations.R#L644   covariates, ...
R/compute_residualCLR_correlations.R#L645   min_residual_df ...
R/compute_residualCLR_correlations.R#L807   reason, ...
R/compute_residualCLR_correlations.R#L808   covariates_requested, ...
R/compute_residualCLR_correlations.R#L809   covariates_used = character(0), ...
R/compute_residualCLR_correlations.R#L810   covariates_dropped = character(0), ...
R/compute_residualCLR_correlations.R#L811   n_samples = 0L, ...
R/compute_residualCLR_correlations.R#L812   residual_df = NA_integer_, ...
R/compute_residualCLR_correlations.R#L813   n_taxa_tested = 0L, ...
R/compute_residualCLR_correlations.R#L814   n_pathways_tested = 0L ...
R/compute_residualCLR_correlations.R#L846   disease, ...
R/compute_residualCLR_correlations.R#L847   metadata, ...
R/compute_residualCLR_correlations.R#L848   clr_taxa, ...
R/compute_residualCLR_correlations.R#L849   clr_pathways, ...
R/compute_residualCLR_correlations.R#L850   taxa_diffab, ...
R/compute_residualCLR_correlations.R#L851   pathway_diffab, ...
R/compute_residualCLR_correlations.R#L852   covariates, ...
R/compute_residualCLR_correlations.R#L853   q_cutoff, ...
R/compute_residualCLR_correlations.R#L854   r_cutoff, ...
R/compute_residualCLR_correlations.R#L855   min_samples_per_disease, ...
R/compute_residualCLR_correlations.R#L856   min_residual_df, ...
R/compute_residualCLR_correlations.R#L857   retain_all_pairs, ...
R/compute_residualCLR_correlations.R#L858   verbose ...
R/impute_metadata.R#L92   micara_obj, ...
R/impute_metadata.R#L93   impute_vars = NULL, ...
R/impute_metadata.R#L94   auxiliary_predictors = NULL, ...
R/impute_metadata.R#L95   m = 5, ...
R/impute_metadata.R#L96   method = NULL, # (allowing default alg ...
R/impute_metadata.R#L97   seed = 123, ...
R/impute_metadata.R#L98   imputation_index = 1, ...
R/impute_metadata.R#L99   verbose = TRUE ...
R/plot_interaction_sankey.R#L91   interactions, ...
R/plot_interaction_sankey.R#L92   disease, ...
R/plot_interaction_sankey.R#L93   direction = c("both", "positive", "neg ...
R/plot_interaction_sankey.R#L94   top_n_per_pathway = NULL, ...
R/plot_interaction_sankey.R#L95   node_colors = c(up = "#2196F3", down = ...
R/plot_interaction_sankey.R#L96   font_size = 12, ...
R/plot_interaction_sankey.R#L97   node_width = 35, ...
R/plot_interaction_sankey.R#L98   save_path = NULL ...
R/run_diff_abundance.R#L112   micara_obj, ...
R/run_diff_abundance.R#L113   feature_type = c("taxa", "pathways"), ...
R/run_diff_abundance.R#L114   fix_effects = NULL, ...
R/run_diff_abundance.R#L115   exclude_covariates = NULL, ...
R/run_diff_abundance.R#L116   rand_effect = "study_name", ...
R/run_diff_abundance.R#L117   reference_level = NULL, # Set default  ...
R/run_diff_abundance.R#L118   p_adj_method = "BH", ...
R/run_diff_abundance.R#L119   prv_cut = 0.10, # Set to 10% prevalenc ...
R/run_diff_abundance.R#L120   alpha = 0.05, ...
R/run_diff_abundance.R#L121   pairwise = FALSE, ...
R/run_diff_abundance.R#L122   struc_zero = TRUE, ...
R/run_diff_abundance.R#L123   neg_lb = TRUE, ...
R/run_diff_abundance.R#L124   pseudo_sens = TRUE, ...
R/run_diff_abundance.R#L125   use_robust = TRUE, ...
R/run_diff_abundance.R#L126   n_cores = 1, # Primary argument for co ...
R/run_diff_abundance.R#L127   verbose = TRUE ...
R/validate_inputs.R#L55   taxa, ...
R/validate_inputs.R#L56   pathways, ...
R/validate_inputs.R#L57   metadata, ...
R/validate_inputs.R#L58   disease_col = "disease", ...
R/validate_inputs.R#L59   disease_min_samples = 10, ...
R/validate_inputs.R#L60   metadata_missing_cutoff = 0.30, ...
R/validate_inputs.R#L61   normalise = TRUE, ...
R/validate_inputs.R#L62   verbose = TRUE ...
man/compute_residualCLR_correlations.Rd#L8   micara_obj, ...
man/compute_residualCLR_correlations.Rd#L9   diffab_obj = NULL, ...
man/compute_residualCLR_correlations.Rd#L10   taxa_diffab = NULL, ...
man/compute_residualCLR_correlations.Rd#L11   pathway_diffab = NULL, ...
man/compute_residualCLR_correlations.Rd#L12   diseases = NULL, ...
man/compute_residualCLR_correlations.Rd#L13   covariates = NULL, ...
man/compute_residualCLR_correlations.Rd#L14   q_cutoff = 0.05, ...
man/compute_residualCLR_correlations.Rd#L15   r_cutoff = 0.2, ...
man/compute_residualCLR_correlations.Rd#L16   pseudocount = NULL, ...
man/compute_residualCLR_correlations.Rd#L17   min_samples_per_disease = 10L, ...
man/compute_residualCLR_correlations.Rd#L18   min_residual_df = 3L, ...
man/compute_residualCLR_correlations.Rd#L19   retain_all_pairs = TRUE, ...
man/compute_residualCLR_correlations.Rd#L20   verbose = TRUE ...
man/impute_metadata.Rd#L8   micara_obj, ...
man/impute_metadata.Rd#L9   impute_vars = NULL, ...
man/impute_metadata.Rd#L10   auxiliary_predictors = NULL, ...
man/impute_metadata.Rd#L11   m = 5, ...
man/impute_metadata.Rd#L12   method = NULL, ...
man/impute_metadata.Rd#L13   seed = 123, ...
man/impute_metadata.Rd#L14   imputation_index = 1, ...
man/impute_metadata.Rd#L15   verbose = TRUE ...
man/plot_interaction_sankey.Rd#L8   interactions, ...
man/plot_interaction_sankey.Rd#L9   disease, ...
man/plot_interaction_sankey.Rd#L10   direction = c("both", "positive", "neg ...
man/plot_interaction_sankey.Rd#L11   top_n_per_pathway = NULL, ...
man/plot_interaction_sankey.Rd#L12   node_colors = c(up = "#2196F3", down = ...
man/plot_interaction_sankey.Rd#L14   font_size = 12, ...
man/plot_interaction_sankey.Rd#L15   node_width = 35, ...
man/plot_interaction_sankey.Rd#L16   save_path = NULL ...
man/run_diff_abundance.Rd#L8   micara_obj, ...
man/run_diff_abundance.Rd#L9   feature_type = c("taxa", "pathways"), ...
man/run_diff_abundance.Rd#L10   fix_effects = NULL, ...
man/run_diff_abundance.Rd#L11   exclude_covariates = NULL, ...
man/run_diff_abundance.Rd#L12   rand_effect = "study_name", ...
man/run_diff_abundance.Rd#L13   reference_level = NULL, ...
man/run_diff_abundance.Rd#L14   p_adj_method = "BH", ...
man/run_diff_abundance.Rd#L15   prv_cut = 0.1, ...
man/run_diff_abundance.Rd#L16   alpha = 0.05, ...
man/run_diff_abundance.Rd#L17   pairwise = FALSE, ...
man/run_diff_abundance.Rd#L18   struc_zero = TRUE, ...
man/run_diff_abundance.Rd#L19   neg_lb = TRUE, ...
man/run_diff_abundance.Rd#L20   pseudo_sens = TRUE, ...
man/run_diff_abundance.Rd#L21   use_robust = TRUE, ...
man/run_diff_abundance.Rd#L22   n_cores = 1, ...
man/run_diff_abundance.Rd#L23   verbose = TRUE ...
man/validate_inputs.Rd#L8   taxa, ...
man/validate_inputs.Rd#L9   pathways, ...
man/validate_inputs.Rd#L10   metadata, ...
man/validate_inputs.Rd#L11   disease_col = "disease", ...
man/validate_inputs.Rd#L12   disease_min_samples = 10, ...
man/validate_inputs.Rd#L13   metadata_missing_cutoff = 0.3, ...
man/validate_inputs.Rd#L14   normalise = TRUE, ...
man/validate_inputs.Rd#L15   verbose = TRUE ...
Checking if package already exists in CRAN... OK
Checking for bioc-devel mailing list subscription...
Cannot determine whether maintainer is subscribed to the Bioc-Devel mailing list (requires admin credentials). Subscribe here: https://stat.ethz.ch/mailman/listinfo/bioc-devel
Checking for support site registration... OK
Checking package type based on biocViews... OK
Checking for non-trivial biocViews... OK
Checking that biocViews come from the same category... OK
Checking biocViews validity... OK
Checking for recommended biocViews... OK
